#
# There is insufficient memory for the Java Runtime Environment to continue.
# Native memory allocation (malloc) failed to allocate 1048576 bytes. Error detail: AllocateHeap
# Possible reasons:
#   The system is out of physical RAM or swap space
#   This process is running with CompressedOops enabled, and the Java Heap may be blocking the growth of the native heap
# Possible solutions:
#   Reduce memory load on the system
#   Increase physical memory or swap space
#   Check if swap backing store is full
#   Decrease Java heap size (-Xmx/-Xms)
#   Decrease number of Java threads
#   Decrease Java thread stack sizes (-Xss)
#   Set larger code cache with -XX:ReservedCodeCacheSize=
#   JVM is running with Unscaled Compressed Oops mode in which the Java heap is
#     placed in the first 4GB address space. The Java Heap base address is the
#     maximum limit for the native heap growth. Please use -XX:HeapBaseMinAddress
#     to set the Java Heap base and to place the Java Heap above 4GB virtual address.
# This output file may be truncated or incomplete.
#
#  Out of Memory Error (allocation.cpp:44), pid=6564, tid=10256
#
# JRE version: OpenJDK Runtime Environment Temurin-21.0.11+10 (21.0.11+10) (build 21.0.11+10-LTS)
# Java VM: OpenJDK 64-Bit Server VM Temurin-21.0.11+10 (21.0.11+10-LTS, mixed mode, sharing, tiered, compressed oops, compressed class ptrs, parallel gc, windows-amd64)
# No core dump will be written. Minidumps are not enabled by default on client versions of Windows
#

---------------  S U M M A R Y ------------

Command Line: --add-modules=ALL-SYSTEM --add-opens=java.base/java.util=ALL-UNNAMED --add-opens=java.base/java.lang=ALL-UNNAMED --add-opens=java.base/sun.nio.fs=ALL-UNNAMED -Declipse.application=org.eclipse.jdt.ls.core.id1 -Dosgi.bundles.defaultStartLevel=4 -Declipse.product=org.eclipse.jdt.ls.core.product -Djava.import.generatesMetadataFilesAtProjectRoot=false -DDetectVMInstallationsJob.disabled=true -Dfile.encoding=utf8 -XX:+UseParallelGC -XX:GCTimeRatio=4 -XX:AdaptiveSizePolicyWeight=90 -Dsun.zip.disableMemoryMapping=true -Xmx2G -Xms100m -Xlog:disable -javaagent:c:\Users\DUBAN FELIPE BARBOSA\.vscode\extensions\redhat.java-1.55.0-win32-x64\lombok\lombok-1.18.39-4050.jar -XX:+HeapDumpOnOutOfMemoryError -XX:HeapDumpPath=c:\Users\DUBAN FELIPE BARBOSA\AppData\Roaming\Code\User\workspaceStorage\3e1b5c8b9df88b0a075a82523af3d242\redhat.java -Daether.dependencyCollector.impl=bf c:\Users\DUBAN FELIPE BARBOSA\.vscode\extensions\redhat.java-1.55.0-win32-x64\server\plugins\org.eclipse.equinox.launcher_1.7.200.v20260619-2039.jar -configuration c:\Users\DUBAN FELIPE BARBOSA\AppData\Roaming\Code\User\globalStorage\redhat.java\1.55.0\config_win -data c:\Users\DUBAN FELIPE BARBOSA\AppData\Roaming\Code\User\workspaceStorage\3e1b5c8b9df88b0a075a82523af3d242\redhat.java\jdt_ws --pipe=\\.\pipe\lsp-7e0c040f4be6ea4f2e0a70b90092187c-sock

Host: AMD A8-7410 APU with AMD Radeon R5 Graphics    , 4 cores, 3G,  Windows 10 , 64 bit Build 19041 (10.0.19041.5915)
Time: Thu Aug 20 16:00:42 2026 Hora est. Pacífico, Sudamérica elapsed time: 562.078043 seconds (0d 0h 9m 22s)

---------------  T H R E A D  ---------------

Current thread (0x000001dfcbb1f8f0):  JavaThread "Attach Listener" daemon [_thread_in_vm, id=10256, stack(0x0000006cdb100000,0x0000006cdb200000) (1024K)]

Stack: [0x0000006cdb100000,0x0000006cdb200000]
Native frames: (J=compiled Java code, j=interpreted, Vv=VM code, C=native code)
V  [jvm.dll+0x6d7e19]
V  [jvm.dll+0x8b5096]
V  [jvm.dll+0x8b764e]
V  [jvm.dll+0x8b7d33]
V  [jvm.dll+0x284596]
V  [jvm.dll+0xc13c7]
V  [jvm.dll+0x6d86c9]
V  [jvm.dll+0x133616]
V  [jvm.dll+0x3f868e]
V  [jvm.dll+0x85fb0d]
V  [jvm.dll+0x6d664d]
C  [ucrtbase.dll+0x21bb2]
C  [KERNEL32.DLL+0x17374]
C  [ntdll.dll+0x4cc91]


---------------  P R O C E S S  ---------------

Threads class SMR info:
_java_thread_list=0x000001dfe9743160, length=42, elements={
0x000001dfcbc2f5b0, 0x000001dfcbb19be0, 0x000001dfcbb1b7b0, 0x000001dfcbb1ee90,
0x000001dfcbb1f8f0, 0x000001dfcbb20350, 0x000001dfcbb20db0, 0x000001dfcbb21bf0,
0x000001dfcbb92f30, 0x000001dfe3330780, 0x000001dfe34218b0, 0x000001dfe3940640,
0x000001dfe3b116b0, 0x000001dfe36c1620, 0x000001dfe36c1c90, 0x000001dfe3a53830,
0x000001dfc98e3a90, 0x000001dfe8515ba0, 0x000001dfe80db3d0, 0x000001dfe8d27af0,
0x000001dfe8d25390, 0x000001dfe8d27460, 0x000001dfe8d28180, 0x000001dfe8d26740,
0x000001dfe8d25a20, 0x000001dfe89d21d0, 0x000001dfe89d7720, 0x000001dfe89d4fc0,
0x000001dfe89d4930, 0x000001dfe89d14b0, 0x000001dfe89d3580, 0x000001dfea845d40,
0x000001dfea84bfb0, 0x000001dfea845020, 0x000001dfea849ee0, 0x000001dfea847e10,
0x000001dfea8484a0, 0x000001dfea84c640, 0x000001dfea8456b0, 0x000001dfea8491c0,
0x000001dfea848b30, 0x000001dfea84ac00
}

Java Threads: ( => current thread )
  0x000001dfcbc2f5b0 JavaThread "main"                              [_thread_blocked, id=11748, stack(0x0000006cdaa00000,0x0000006cdab00000) (1024K)]
  0x000001dfcbb19be0 JavaThread "Reference Handler"          daemon [_thread_blocked, id=12272, stack(0x0000006cdae00000,0x0000006cdaf00000) (1024K)]
  0x000001dfcbb1b7b0 JavaThread "Finalizer"                  daemon [_thread_blocked, id=12496, stack(0x0000006cdaf00000,0x0000006cdb000000) (1024K)]
  0x000001dfcbb1ee90 JavaThread "Signal Dispatcher"          daemon [_thread_blocked, id=20708, stack(0x0000006cdb000000,0x0000006cdb100000) (1024K)]
=>0x000001dfcbb1f8f0 JavaThread "Attach Listener"            daemon [_thread_in_vm, id=10256, stack(0x0000006cdb100000,0x0000006cdb200000) (1024K)]
  0x000001dfcbb20350 JavaThread "Service Thread"             daemon [_thread_blocked, id=16288, stack(0x0000006cdb200000,0x0000006cdb300000) (1024K)]
  0x000001dfcbb20db0 JavaThread "Monitor Deflation Thread"   daemon [_thread_blocked, id=17012, stack(0x0000006cdb300000,0x0000006cdb400000) (1024K)]
  0x000001dfcbb21bf0 JavaThread "C2 CompilerThread0"         daemon [_thread_blocked, id=10008, stack(0x0000006cdb400000,0x0000006cdb500000) (1024K)]
  0x000001dfcbb92f30 JavaThread "C1 CompilerThread0"         daemon [_thread_blocked, id=13500, stack(0x0000006cdb500000,0x0000006cdb600000) (1024K)]
  0x000001dfe3330780 JavaThread "Common-Cleaner"             daemon [_thread_blocked, id=10512, stack(0x0000006cdb600000,0x0000006cdb700000) (1024K)]
  0x000001dfe34218b0 JavaThread "Notification Thread"        daemon [_thread_blocked, id=12336, stack(0x0000006cdb700000,0x0000006cdb800000) (1024K)]
  0x000001dfe3940640 JavaThread "Active Thread: Equinox Container: 6f4b4e73-950d-4728-a9a4-716184bf2613"        [_thread_blocked, id=8632, stack(0x0000006cdbb00000,0x0000006cdbc00000) (1024K)]
  0x000001dfe3b116b0 JavaThread "Refresh Thread: Equinox Container: 6f4b4e73-950d-4728-a9a4-716184bf2613" daemon [_thread_blocked, id=6348, stack(0x0000006cdbc00000,0x0000006cdbd00000) (1024K)]
  0x000001dfe36c1620 JavaThread "Framework Event Dispatcher: Equinox Container: 6f4b4e73-950d-4728-a9a4-716184bf2613" daemon [_thread_blocked, id=7500, stack(0x0000006cdbd00000,0x0000006cdbe00000) (1024K)]
  0x000001dfe36c1c90 JavaThread "Start Level: Equinox Container: 6f4b4e73-950d-4728-a9a4-716184bf2613" daemon [_thread_blocked, id=2480, stack(0x0000006cdbe00000,0x0000006cdbf00000) (1024K)]
  0x000001dfe3a53830 JavaThread "Bundle File Closer"         daemon [_thread_blocked, id=8552, stack(0x0000006cdbf00000,0x0000006cdc000000) (1024K)]
  0x000001dfc98e3a90 JavaThread "SCR Component Actor"        daemon [_thread_blocked, id=15200, stack(0x0000006cda800000,0x0000006cda900000) (1024K)]
  0x000001dfe8515ba0 JavaThread "Worker-JM"                         [_thread_blocked, id=19696, stack(0x0000006cda900000,0x0000006cdaa00000) (1024K)]
  0x000001dfe80db3d0 JavaThread "JNA Cleaner"                daemon [_thread_blocked, id=20784, stack(0x0000006cdc100000,0x0000006cdc200000) (1024K)]
  0x000001dfe8d27af0 JavaThread "Java indexing"              daemon [_thread_blocked, id=4468, stack(0x0000006cdc500000,0x0000006cdc600000) (1024K)]
  0x000001dfe8d25390 JavaThread "Worker-4"                          [_thread_blocked, id=21832, stack(0x0000006cdca00000,0x0000006cdcb00000) (1024K)]
  0x000001dfe8d27460 JavaThread "Thread-1"                   daemon [_thread_in_native, id=380, stack(0x0000006cdcb00000,0x0000006cdcc00000) (1024K)]
  0x000001dfe8d28180 JavaThread "Thread-2"                   daemon [_thread_in_native, id=3816, stack(0x0000006cdcc00000,0x0000006cdcd00000) (1024K)]
  0x000001dfe8d26740 JavaThread "Thread-3"                   daemon [_thread_in_native, id=7100, stack(0x0000006cdcd00000,0x0000006cdce00000) (1024K)]
  0x000001dfe8d25a20 JavaThread "Thread-4"                   daemon [_thread_in_native, id=19820, stack(0x0000006cdce00000,0x0000006cdcf00000) (1024K)]
  0x000001dfe89d21d0 JavaThread "Thread-5"                   daemon [_thread_in_native, id=15472, stack(0x0000006cdcf00000,0x0000006cdd000000) (1024K)]
  0x000001dfe89d7720 JavaThread "pool-2-thread-1"                   [_thread_blocked, id=22172, stack(0x0000006cdd000000,0x0000006cdd100000) (1024K)]
  0x000001dfe89d4fc0 JavaThread "WorkspaceEventsHandler"            [_thread_blocked, id=9156, stack(0x0000006cdd100000,0x0000006cdd200000) (1024K)]
  0x000001dfe89d4930 JavaThread "pool-1-thread-1"                   [_thread_blocked, id=3912, stack(0x0000006cdd200000,0x0000006cdd300000) (1024K)]
  0x000001dfe89d14b0 JavaThread "PatternSearchJob-worker-2"  daemon [_thread_blocked, id=18916, stack(0x0000006cdd500000,0x0000006cdd600000) (1024K)]
  0x000001dfe89d3580 JavaThread "PatternSearchJob-worker-3"  daemon [_thread_blocked, id=16396, stack(0x0000006cdd600000,0x0000006cdd700000) (1024K)]
  0x000001dfea845d40 JavaThread "Cleaner-0"                  daemon [_thread_blocked, id=19800, stack(0x0000006cdc000000,0x0000006cdc100000) (1024K)]
  0x000001dfea84bfb0 JavaThread "ForkJoinPool.commonPool-worker-4" daemon [_thread_blocked, id=17024, stack(0x0000006cdc300000,0x0000006cdc400000) (1024K)]
  0x000001dfea845020 JavaThread "ForkJoinPool.commonPool-worker-5" daemon [_thread_blocked, id=1164, stack(0x0000006cdc400000,0x0000006cdc500000) (1024K)]
  0x000001dfea849ee0 JavaThread "Worker-5"                          [_thread_blocked, id=15732, stack(0x0000006cdc600000,0x0000006cdc700000) (1024K)]
  0x000001dfea847e10 JavaThread "Compiler Source File Reader" daemon [_thread_blocked, id=18924, stack(0x0000006cdc700000,0x0000006cdc800000) (1024K)]
  0x000001dfea8484a0 JavaThread "ForkJoinPool.commonPool-worker-6" daemon [_thread_blocked, id=15340, stack(0x0000006cdc200000,0x0000006cdc300000) (1024K)]
  0x000001dfea84c640 JavaThread "Worker-6"                          [_thread_blocked, id=19040, stack(0x0000006cdc800000,0x0000006cdc900000) (1024K)]
  0x000001dfea8456b0 JavaThread "PatternSearchJob-worker-4"  daemon [_thread_blocked, id=10928, stack(0x0000006cdc900000,0x0000006cdca00000) (1024K)]
  0x000001dfea8491c0 JavaThread "LocalFile Deleter"          daemon [_thread_in_native, id=5452, stack(0x0000006cdd400000,0x0000006cdd500000) (1024K)]
  0x000001dfea848b30 JavaThread "LocalFile Deleter"          daemon [_thread_new, id=15188, stack(0x0000000000000000,0x0000000000000000) (0B)]
  0x000001dfea84ac00 JavaThread "LocalFile Deleter"          daemon [_thread_new, id=18804, stack(0x0000000000000000,0x0000000000000000) (0B)]
Total: 42

Other Threads:
  0x000001dfcbafce90 VMThread "VM Thread"                           [id=13560, stack(0x0000006cdad00000,0x0000006cdae00000) (1024K)] _threads_hazard_ptr=0x000001dfe9743160
  0x000001dfcbcf4d40 WatcherThread "VM Periodic Task Thread"        [id=5696, stack(0x0000006cdac00000,0x0000006cdad00000) (1024K)]
  0x000001dfcbc4e490 WorkerThread "GC Thread#0"                     [id=2764, stack(0x0000006cdab00000,0x0000006cdac00000) (1024K)]
  0x000001dfe3a264c0 WorkerThread "GC Thread#1"                     [id=13620, stack(0x0000006cdb800000,0x0000006cdb900000) (1024K)]
  0x000001dfe3a26870 WorkerThread "GC Thread#2"                     [id=7004, stack(0x0000006cdb900000,0x0000006cdba00000) (1024K)]
  0x000001dfe3a26c20 WorkerThread "GC Thread#3"                     [id=1436, stack(0x0000006cdba00000,0x0000006cdbb00000) (1024K)]
Total: 6

Threads with active compile tasks:
Total: 0

VM state: not at safepoint (normal execution)

VM Mutex/Monitor currently owned by a thread: None

Heap address: 0x0000000080000000, size: 2048 MB, Compressed Oops mode: 32-bit

CDS archive(s) mapped at: [0x000001df80000000-0x000001df80ba0000-0x000001df80ba0000), size 12189696, SharedBaseAddress: 0x000001df80000000, ArchiveRelocationMode: 1.
Compressed class space mapped at: 0x000001df81000000-0x000001dfc1000000, reserved size: 1073741824
Narrow klass base: 0x000001df80000000, Narrow klass shift: 0, Narrow klass range: 0x100000000

GC Precious Log:
 CardTable entry size: 512
 CPUs: 4 total, 4 available
 Memory: 3546M
 Large Page Support: Disabled
 NUMA Support: Disabled
 Compressed Oops: Enabled (32-bit)
 Alignments: Space 512K, Generation 512K, Heap 2M
 Heap Min Capacity: 100M
 Heap Initial Capacity: 100M
 Heap Max Capacity: 2G
 Pre-touch: Disabled
 Parallel Workers: 4

Heap:
 PSYoungGen      total 11264K, used 5644K [0x00000000d5580000, 0x00000000d6780000, 0x0000000100000000)
  eden space 10240K, 45% used [0x00000000d5580000,0x00000000d5a04840,0x00000000d5f80000)
  from space 1024K, 99% used [0x00000000d6280000,0x00000000d637ea88,0x00000000d6380000)
  to   space 4096K, 0% used [0x00000000d6380000,0x00000000d6380000,0x00000000d6780000)
 ParOldGen       total 94720K, used 94244K [0x0000000080000000, 0x0000000085c80000, 0x00000000d5580000)
  object space 94720K, 99% used [0x0000000080000000,0x0000000085c09378,0x0000000085c80000)
 Metaspace       used 74014K, committed 75584K, reserved 1179648K
  class space    used 7875K, committed 8576K, reserved 1048576K

Card table byte_map: [0x000001dfcb5e0000,0x000001dfcb9f0000] _byte_map_base: 0x000001dfcb1e0000

Marking Bits: (ParMarkBitMap*) 0x00007ffc9aaf4460
 Begin Bits: [0x000001dfde0f0000, 0x000001dfe00f0000)
 End Bits:   [0x000001dfe00f0000, 0x000001dfe20f0000)

Polling page: 0x000001dfc98c0000

Metaspace:

Usage:
  Non-class:     64.59 MB used.
      Class:      7.69 MB used.
       Both:     72.28 MB used.

Virtual space:
  Non-class space:      128.00 MB reserved,      65.44 MB ( 51%) committed,  2 nodes.
      Class space:        1.00 GB reserved,       8.38 MB ( <1%) committed,  1 nodes.
             Both:        1.12 GB reserved,      73.81 MB (  6%) committed. 

Chunk freelists:
   Non-Class:  14.47 MB
       Class:  7.66 MB
        Both:  22.13 MB

MaxMetaspaceSize: unlimited
CompressedClassSpaceSize: 1.00 GB
Initial GC threshold: 21.00 MB
Current GC threshold: 97.31 MB
CDS: on
 - commit_granule_bytes: 65536.
 - commit_granule_words: 8192.
 - virtual_space_node_default_size: 8388608.
 - enlarge_chunks_in_place: 1.
 - use_allocation_guard: 0.


Internal statistics:

num_allocs_failed_limit: 9.
num_arena_births: 1226.
num_arena_deaths: 14.
num_vsnodes_births: 3.
num_vsnodes_deaths: 0.
num_space_committed: 1181.
num_space_uncommitted: 0.
num_chunks_returned_to_freelist: 23.
num_chunks_taken_from_freelist: 4530.
num_chunk_merges: 12.
num_chunk_splits: 2772.
num_chunks_enlarged: 1526.
num_inconsistent_stats: 0.

CodeHeap 'non-profiled nmethods': size=120000Kb used=8549Kb max_used=8549Kb free=111450Kb
 bounds [0x000001dfd6910000, 0x000001dfd7170000, 0x000001dfdde40000]
CodeHeap 'profiled nmethods': size=120000Kb used=27230Kb max_used=27230Kb free=92769Kb
 bounds [0x000001dfcee40000, 0x000001dfd08e0000, 0x000001dfd6370000]
CodeHeap 'non-nmethods': size=5760Kb used=1491Kb max_used=1561Kb free=4268Kb
 bounds [0x000001dfd6370000, 0x000001dfd65e0000, 0x000001dfd6910000]
CodeCache: size=245760Kb, used=37270Kb, max_used=37340Kb, free=208487Kb
 total_blobs=12684, nmethods=11867, adapters=723, full_count=0
Compilation: enabled, stopped_count=0, restarted_count=0

Compilation events (20 events):
Event: 561.458 Thread 0x000001dfcbb21bf0 12692       4       java.net.URI::normalizedHash (84 bytes)
Event: 561.490 Thread 0x000001dfcbb21bf0 nmethod 12692 0x000001dfd7168490 code [0x000001dfd7168660, 0x000001dfd7168a08]
Event: 561.498 Thread 0x000001dfcbb92f30 12693       3       java.util.concurrent.ForkJoinPool$WorkQueue::casSlotToNull (20 bytes)
Event: 561.500 Thread 0x000001dfcbb92f30 nmethod 12693 0x000001dfd08d2890 code [0x000001dfd08d2a20, 0x000001dfd08d2b60]
Event: 561.501 Thread 0x000001dfcbb92f30 12694   !   3       java.util.concurrent.ForkJoinTask::doExec (37 bytes)
Event: 561.502 Thread 0x000001dfcbb92f30 nmethod 12694 0x000001dfd08d2c10 code [0x000001dfd08d2e00, 0x000001dfd08d3280]
Event: 561.503 Thread 0x000001dfcbb92f30 12695       3       org.eclipse.jdt.internal.core.index.EntryResult::<init> (26 bytes)
Event: 561.504 Thread 0x000001dfcbb92f30 nmethod 12695 0x000001dfd08d3410 code [0x000001dfd08d35c0, 0x000001dfd08d3968]
Event: 561.506 Thread 0x000001dfcbb92f30 12696       3       org.eclipse.core.internal.resources.MarkerManager::basicRemoveMarkers (209 bytes)
Event: 561.529 Thread 0x000001dfcbb92f30 nmethod 12696 0x000001dfd08d3a90 code [0x000001dfd08d3da0, 0x000001dfd08d51e0]
Event: 561.529 Thread 0x000001dfcbb92f30 12698       3       org.eclipse.core.internal.resources.MarkerManager::lambda$2 (26 bytes)
Event: 561.530 Thread 0x000001dfcbb92f30 nmethod 12698 0x000001dfd08d5990 code [0x000001dfd08d5b40, 0x000001dfd08d5df0]
Event: 561.530 Thread 0x000001dfcbb92f30 12697       3       org.eclipse.core.internal.resources.MarkerManager$$Lambda/0x000001df81800690::visitElement (19 bytes)
Event: 561.531 Thread 0x000001dfcbb92f30 nmethod 12697 0x000001dfd08d5f10 code [0x000001dfd08d60c0, 0x000001dfd08d6230]
Event: 561.552 Thread 0x000001dfcbb92f30 12699       3       java.util.concurrent.ForkJoinPool$WorkQueue::tryPoll (104 bytes)
Event: 561.554 Thread 0x000001dfcbb92f30 nmethod 12699 0x000001dfd08d6310 code [0x000001dfd08d64e0, 0x000001dfd08d68a0]
Event: 561.824 Thread 0x000001dfcbb92f30 12700       3       org.eclipse.core.internal.jobs.OrderedLock::isConflicting (9 bytes)
Event: 561.824 Thread 0x000001dfcbb92f30 nmethod 12700 0x000001dfd08d6a10 code [0x000001dfd08d6bc0, 0x000001dfd08d6d30]
Event: 561.986 Thread 0x000001dfcbb21bf0 12701       4       java.lang.Long::hashCode (8 bytes)
Event: 561.987 Thread 0x000001dfcbb21bf0 nmethod 12701 0x000001dfd7168d90 code [0x000001dfd7168f20, 0x000001dfd7168fb8]

GC Heap History (20 events):
Event: 431.115 GC heap before
{Heap before GC invocations=113 (full 3):
 PSYoungGen      total 11264K, used 11241K [0x00000000d5580000, 0x00000000d6380000, 0x0000000100000000)
  eden space 10240K, 100% used [0x00000000d5580000,0x00000000d5f80000,0x00000000d5f80000)
  from space 1024K, 97% used [0x00000000d6080000,0x00000000d617a460,0x00000000d6180000)
  to   space 2048K, 0% used [0x00000000d6180000,0x00000000d6180000,0x00000000d6380000)
 ParOldGen       total 77824K, used 77798K [0x0000000080000000, 0x0000000084c00000, 0x00000000d5580000)
  object space 77824K, 99% used [0x0000000080000000,0x0000000084bf9950,0x0000000084c00000)
 Metaspace       used 70732K, committed 72192K, reserved 1114112K
  class space    used 7470K, committed 8064K, reserved 1048576K
}
Event: 431.123 GC heap after
{Heap after GC invocations=113 (full 3):
 PSYoungGen      total 10752K, used 314K [0x00000000d5580000, 0x00000000d6200000, 0x0000000100000000)
  eden space 10240K, 0% used [0x00000000d5580000,0x00000000d5580000,0x00000000d5f80000)
  from space 512K, 61% used [0x00000000d6180000,0x00000000d61ce900,0x00000000d6200000)
  to   space 1024K, 0% used [0x00000000d6000000,0x00000000d6000000,0x00000000d6100000)
 ParOldGen       total 78848K, used 78650K [0x0000000080000000, 0x0000000084d00000, 0x00000000d5580000)
  object space 78848K, 99% used [0x0000000080000000,0x0000000084cceba0,0x0000000084d00000)
 Metaspace       used 70732K, committed 72192K, reserved 1114112K
  class space    used 7470K, committed 8064K, reserved 1048576K
}
Event: 434.797 GC heap before
{Heap before GC invocations=114 (full 3):
 PSYoungGen      total 10752K, used 10554K [0x00000000d5580000, 0x00000000d6200000, 0x0000000100000000)
  eden space 10240K, 99% used [0x00000000d5580000,0x00000000d5f7ffb0,0x00000000d5f80000)
  from space 512K, 61% used [0x00000000d6180000,0x00000000d61ce900,0x00000000d6200000)
  to   space 1024K, 0% used [0x00000000d6000000,0x00000000d6000000,0x00000000d6100000)
 ParOldGen       total 78848K, used 78650K [0x0000000080000000, 0x0000000084d00000, 0x00000000d5580000)
  object space 78848K, 99% used [0x0000000080000000,0x0000000084cceba0,0x0000000084d00000)
 Metaspace       used 70844K, committed 72320K, reserved 1114112K
  class space    used 7471K, committed 8064K, reserved 1048576K
}
Event: 434.806 GC heap after
{Heap after GC invocations=114 (full 3):
 PSYoungGen      total 11264K, used 889K [0x00000000d5580000, 0x00000000d6200000, 0x0000000100000000)
  eden space 10240K, 0% used [0x00000000d5580000,0x00000000d5580000,0x00000000d5f80000)
  from space 1024K, 86% used [0x00000000d6000000,0x00000000d60de410,0x00000000d6100000)
  to   space 1024K, 0% used [0x00000000d6100000,0x00000000d6100000,0x00000000d6200000)
 ParOldGen       total 78848K, used 78722K [0x0000000080000000, 0x0000000084d00000, 0x00000000d5580000)
  object space 78848K, 99% used [0x0000000080000000,0x0000000084ce0ba0,0x0000000084d00000)
 Metaspace       used 70844K, committed 72320K, reserved 1114112K
  class space    used 7471K, committed 8064K, reserved 1048576K
}
Event: 441.708 GC heap before
{Heap before GC invocations=115 (full 3):
 PSYoungGen      total 11264K, used 10949K [0x00000000d5580000, 0x00000000d6200000, 0x0000000100000000)
  eden space 10240K, 98% used [0x00000000d5580000,0x00000000d5f52ff0,0x00000000d5f80000)
  from space 1024K, 86% used [0x00000000d6000000,0x00000000d60de410,0x00000000d6100000)
  to   space 1024K, 0% used [0x00000000d6100000,0x00000000d6100000,0x00000000d6200000)
 ParOldGen       total 78848K, used 78722K [0x0000000080000000, 0x0000000084d00000, 0x00000000d5580000)
  object space 78848K, 99% used [0x0000000080000000,0x0000000084ce0ba0,0x0000000084d00000)
 Metaspace       used 71635K, committed 73088K, reserved 1114112K
  class space    used 7566K, committed 8192K, reserved 1048576K
}
Event: 441.717 GC heap after
{Heap after GC invocations=115 (full 3):
 PSYoungGen      total 10752K, used 320K [0x00000000d5580000, 0x00000000d6180000, 0x0000000100000000)
  eden space 10240K, 0% used [0x00000000d5580000,0x00000000d5580000,0x00000000d5f80000)
  from space 512K, 62% used [0x00000000d6100000,0x00000000d6150020,0x00000000d6180000)
  to   space 1024K, 0% used [0x00000000d5f80000,0x00000000d5f80000,0x00000000d6080000)
 ParOldGen       total 79360K, used 79359K [0x0000000080000000, 0x0000000084d80000, 0x00000000d5580000)
  object space 79360K, 99% used [0x0000000080000000,0x0000000084d7fdb0,0x0000000084d80000)
 Metaspace       used 71635K, committed 73088K, reserved 1114112K
  class space    used 7566K, committed 8192K, reserved 1048576K
}
Event: 442.805 GC heap before
{Heap before GC invocations=116 (full 3):
 PSYoungGen      total 10752K, used 10560K [0x00000000d5580000, 0x00000000d6180000, 0x0000000100000000)
  eden space 10240K, 100% used [0x00000000d5580000,0x00000000d5f80000,0x00000000d5f80000)
  from space 512K, 62% used [0x00000000d6100000,0x00000000d6150020,0x00000000d6180000)
  to   space 1024K, 0% used [0x00000000d5f80000,0x00000000d5f80000,0x00000000d6080000)
 ParOldGen       total 79360K, used 79359K [0x0000000080000000, 0x0000000084d80000, 0x00000000d5580000)
  object space 79360K, 99% used [0x0000000080000000,0x0000000084d7fdb0,0x0000000084d80000)
 Metaspace       used 71884K, committed 73344K, reserved 1114112K
  class space    used 7584K, committed 8192K, reserved 1048576K
}
Event: 442.821 GC heap after
{Heap after GC invocations=116 (full 3):
 PSYoungGen      total 11264K, used 1009K [0x00000000d5580000, 0x00000000d6e80000, 0x0000000100000000)
  eden space 10240K, 0% used [0x00000000d5580000,0x00000000d5580000,0x00000000d5f80000)
  from space 1024K, 98% used [0x00000000d5f80000,0x00000000d607c6f8,0x00000000d6080000)
  to   space 7680K, 0% used [0x00000000d6700000,0x00000000d6700000,0x00000000d6e80000)
 ParOldGen       total 84992K, used 84747K [0x0000000080000000, 0x0000000085300000, 0x00000000d5580000)
  object space 84992K, 99% used [0x0000000080000000,0x00000000852c2cf8,0x0000000085300000)
 Metaspace       used 71884K, committed 73344K, reserved 1114112K
  class space    used 7584K, committed 8192K, reserved 1048576K
}
Event: 443.171 GC heap before
{Heap before GC invocations=117 (full 3):
 PSYoungGen      total 11264K, used 11120K [0x00000000d5580000, 0x00000000d6e80000, 0x0000000100000000)
  eden space 10240K, 98% used [0x00000000d5580000,0x00000000d5f5fcc0,0x00000000d5f80000)
  from space 1024K, 98% used [0x00000000d5f80000,0x00000000d607c6f8,0x00000000d6080000)
  to   space 7680K, 0% used [0x00000000d6700000,0x00000000d6700000,0x00000000d6e80000)
 ParOldGen       total 84992K, used 84747K [0x0000000080000000, 0x0000000085300000, 0x00000000d5580000)
  object space 84992K, 99% used [0x0000000080000000,0x00000000852c2cf8,0x0000000085300000)
 Metaspace       used 72031K, committed 73536K, reserved 1114112K
  class space    used 7601K, committed 8192K, reserved 1048576K
}
Event: 443.178 GC heap after
{Heap after GC invocations=117 (full 3):
 PSYoungGen      total 13312K, used 2926K [0x00000000d5580000, 0x00000000d6a00000, 0x0000000100000000)
  eden space 10240K, 0% used [0x00000000d5580000,0x00000000d5580000,0x00000000d5f80000)
  from space 3072K, 95% used [0x00000000d6700000,0x00000000d69db878,0x00000000d6a00000)
  to   space 4608K, 0% used [0x00000000d6100000,0x00000000d6100000,0x00000000d6580000)
 ParOldGen       total 85504K, used 85491K [0x0000000080000000, 0x0000000085380000, 0x00000000d5580000)
  object space 85504K, 99% used [0x0000000080000000,0x000000008537cd38,0x0000000085380000)
 Metaspace       used 72031K, committed 73536K, reserved 1114112K
  class space    used 7601K, committed 8192K, reserved 1048576K
}
Event: 443.810 GC heap before
{Heap before GC invocations=118 (full 3):
 PSYoungGen      total 13312K, used 13166K [0x00000000d5580000, 0x00000000d6a00000, 0x0000000100000000)
  eden space 10240K, 100% used [0x00000000d5580000,0x00000000d5f80000,0x00000000d5f80000)
  from space 3072K, 95% used [0x00000000d6700000,0x00000000d69db878,0x00000000d6a00000)
  to   space 4608K, 0% used [0x00000000d6100000,0x00000000d6100000,0x00000000d6580000)
 ParOldGen       total 85504K, used 85491K [0x0000000080000000, 0x0000000085380000, 0x00000000d5580000)
  object space 85504K, 99% used [0x0000000080000000,0x000000008537cd38,0x0000000085380000)
 Metaspace       used 72110K, committed 73664K, reserved 1179648K
  class space    used 7612K, committed 8256K, reserved 1048576K
}
Event: 443.822 GC heap after
{Heap after GC invocations=118 (full 3):
 PSYoungGen      total 13312K, used 2636K [0x00000000d5580000, 0x00000000d6780000, 0x0000000100000000)
  eden space 10240K, 0% used [0x00000000d5580000,0x00000000d5580000,0x00000000d5f80000)
  from space 3072K, 85% used [0x00000000d6100000,0x00000000d63932e0,0x00000000d6400000)
  to   space 3072K, 0% used [0x00000000d6480000,0x00000000d6480000,0x00000000d6780000)
 ParOldGen       total 88576K, used 88387K [0x0000000080000000, 0x0000000085680000, 0x00000000d5580000)
  object space 88576K, 99% used [0x0000000080000000,0x0000000085650ff0,0x0000000085680000)
 Metaspace       used 72110K, committed 73664K, reserved 1179648K
  class space    used 7612K, committed 8256K, reserved 1048576K
}
Event: 447.859 GC heap before
{Heap before GC invocations=119 (full 3):
 PSYoungGen      total 13312K, used 12876K [0x00000000d5580000, 0x00000000d6780000, 0x0000000100000000)
  eden space 10240K, 100% used [0x00000000d5580000,0x00000000d5f80000,0x00000000d5f80000)
  from space 3072K, 85% used [0x00000000d6100000,0x00000000d63932e0,0x00000000d6400000)
  to   space 3072K, 0% used [0x00000000d6480000,0x00000000d6480000,0x00000000d6780000)
 ParOldGen       total 88576K, used 88387K [0x0000000080000000, 0x0000000085680000, 0x00000000d5580000)
  object space 88576K, 99% used [0x0000000080000000,0x0000000085650ff0,0x0000000085680000)
 Metaspace       used 72479K, committed 73984K, reserved 1179648K
  class space    used 7669K, committed 8320K, reserved 1048576K
}
Event: 447.870 GC heap after
{Heap after GC invocations=119 (full 3):
 PSYoungGen      total 11264K, used 992K [0x00000000d5580000, 0x00000000d6580000, 0x0000000100000000)
  eden space 10240K, 0% used [0x00000000d5580000,0x00000000d5580000,0x00000000d5f80000)
  from space 1024K, 96% used [0x00000000d6480000,0x00000000d6578020,0x00000000d6580000)
  to   space 2048K, 0% used [0x00000000d6180000,0x00000000d6180000,0x00000000d6380000)
 ParOldGen       total 90624K, used 90500K [0x0000000080000000, 0x0000000085880000, 0x00000000d5580000)
  object space 90624K, 99% used [0x0000000080000000,0x0000000085861000,0x0000000085880000)
 Metaspace       used 72479K, committed 73984K, reserved 1179648K
  class space    used 7669K, committed 8320K, reserved 1048576K
}
Event: 449.811 GC heap before
{Heap before GC invocations=120 (full 3):
 PSYoungGen      total 11264K, used 11232K [0x00000000d5580000, 0x00000000d6580000, 0x0000000100000000)
  eden space 10240K, 100% used [0x00000000d5580000,0x00000000d5f80000,0x00000000d5f80000)
  from space 1024K, 96% used [0x00000000d6480000,0x00000000d6578020,0x00000000d6580000)
  to   space 2048K, 0% used [0x00000000d6180000,0x00000000d6180000,0x00000000d6380000)
 ParOldGen       total 90624K, used 90500K [0x0000000080000000, 0x0000000085880000, 0x00000000d5580000)
  object space 90624K, 99% used [0x0000000080000000,0x0000000085861000,0x0000000085880000)
 Metaspace       used 72732K, committed 74240K, reserved 1179648K
  class space    used 7705K, committed 8384K, reserved 1048576K
}
Event: 449.820 GC heap after
{Heap after GC invocations=120 (full 3):
 PSYoungGen      total 12288K, used 672K [0x00000000d5580000, 0x00000000d6500000, 0x0000000100000000)
  eden space 10240K, 0% used [0x00000000d5580000,0x00000000d5580000,0x00000000d5f80000)
  from space 2048K, 32% used [0x00000000d6180000,0x00000000d6228000,0x00000000d6380000)
  to   space 1024K, 0% used [0x00000000d6400000,0x00000000d6400000,0x00000000d6500000)
 ParOldGen       total 91648K, used 91384K [0x0000000080000000, 0x0000000085980000, 0x00000000d5580000)
  object space 91648K, 99% used [0x0000000080000000,0x000000008593e288,0x0000000085980000)
 Metaspace       used 72732K, committed 74240K, reserved 1179648K
  class space    used 7705K, committed 8384K, reserved 1048576K
}
Event: 515.338 GC heap before
{Heap before GC invocations=121 (full 3):
 PSYoungGen      total 12288K, used 10912K [0x00000000d5580000, 0x00000000d6500000, 0x0000000100000000)
  eden space 10240K, 100% used [0x00000000d5580000,0x00000000d5f80000,0x00000000d5f80000)
  from space 2048K, 32% used [0x00000000d6180000,0x00000000d6228000,0x00000000d6380000)
  to   space 1024K, 0% used [0x00000000d6400000,0x00000000d6400000,0x00000000d6500000)
 ParOldGen       total 91648K, used 91384K [0x0000000080000000, 0x0000000085980000, 0x00000000d5580000)
  object space 91648K, 99% used [0x0000000080000000,0x000000008593e288,0x0000000085980000)
 Metaspace       used 73416K, committed 75008K, reserved 1179648K
  class space    used 7790K, committed 8448K, reserved 1048576K
}
Event: 515.591 GC heap after
{Heap after GC invocations=121 (full 3):
 PSYoungGen      total 10752K, used 448K [0x00000000d5580000, 0x00000000d6480000, 0x0000000100000000)
  eden space 10240K, 0% used [0x00000000d5580000,0x00000000d5580000,0x00000000d5f80000)
  from space 512K, 87% used [0x00000000d6400000,0x00000000d6470000,0x00000000d6480000)
  to   space 1024K, 0% used [0x00000000d6280000,0x00000000d6280000,0x00000000d6380000)
 ParOldGen       total 92160K, used 91952K [0x0000000080000000, 0x0000000085a00000, 0x00000000d5580000)
  object space 92160K, 99% used [0x0000000080000000,0x00000000859cc288,0x0000000085a00000)
 Metaspace       used 73416K, committed 75008K, reserved 1179648K
  class space    used 7790K, committed 8448K, reserved 1048576K
}
Event: 552.500 GC heap before
{Heap before GC invocations=122 (full 3):
 PSYoungGen      total 10752K, used 10688K [0x00000000d5580000, 0x00000000d6480000, 0x0000000100000000)
  eden space 10240K, 100% used [0x00000000d5580000,0x00000000d5f80000,0x00000000d5f80000)
  from space 512K, 87% used [0x00000000d6400000,0x00000000d6470000,0x00000000d6480000)
  to   space 1024K, 0% used [0x00000000d6280000,0x00000000d6280000,0x00000000d6380000)
 ParOldGen       total 92160K, used 91952K [0x0000000080000000, 0x0000000085a00000, 0x00000000d5580000)
  object space 92160K, 99% used [0x0000000080000000,0x00000000859cc288,0x0000000085a00000)
 Metaspace       used 73939K, committed 75520K, reserved 1179648K
  class space    used 7867K, committed 8576K, reserved 1048576K
}
Event: 552.628 GC heap after
{Heap after GC invocations=122 (full 3):
 PSYoungGen      total 11264K, used 1018K [0x00000000d5580000, 0x00000000d6780000, 0x0000000100000000)
  eden space 10240K, 0% used [0x00000000d5580000,0x00000000d5580000,0x00000000d5f80000)
  from space 1024K, 99% used [0x00000000d6280000,0x00000000d637ea88,0x00000000d6380000)
  to   space 4096K, 0% used [0x00000000d6380000,0x00000000d6380000,0x00000000d6780000)
 ParOldGen       total 94720K, used 94244K [0x0000000080000000, 0x0000000085c80000, 0x00000000d5580000)
  object space 94720K, 99% used [0x0000000080000000,0x0000000085c09378,0x0000000085c80000)
 Metaspace       used 73939K, committed 75520K, reserved 1179648K
  class space    used 7867K, committed 8576K, reserved 1048576K
}

Dll operation events (12 events):
Event: 0.025 Loaded shared library c:\Users\DUBAN FELIPE BARBOSA\.vscode\extensions\redhat.java-1.55.0-win32-x64\jre\21.0.11-win32-x86_64\bin\java.dll
Event: 0.508 Loaded shared library c:\Users\DUBAN FELIPE BARBOSA\.vscode\extensions\redhat.java-1.55.0-win32-x64\jre\21.0.11-win32-x86_64\bin\zip.dll
Event: 0.650 Loaded shared library C:\Users\DUBAN FELIPE BARBOSA\.vscode\extensions\redhat.java-1.55.0-win32-x64\jre\21.0.11-win32-x86_64\bin\instrument.dll
Event: 0.734 Loaded shared library C:\Users\DUBAN FELIPE BARBOSA\.vscode\extensions\redhat.java-1.55.0-win32-x64\jre\21.0.11-win32-x86_64\bin\net.dll
Event: 0.742 Loaded shared library C:\Users\DUBAN FELIPE BARBOSA\.vscode\extensions\redhat.java-1.55.0-win32-x64\jre\21.0.11-win32-x86_64\bin\nio.dll
Event: 0.751 Loaded shared library C:\Users\DUBAN FELIPE BARBOSA\.vscode\extensions\redhat.java-1.55.0-win32-x64\jre\21.0.11-win32-x86_64\bin\zip.dll
Event: 0.852 Loaded shared library C:\Users\DUBAN FELIPE BARBOSA\.vscode\extensions\redhat.java-1.55.0-win32-x64\jre\21.0.11-win32-x86_64\bin\jimage.dll
Event: 1.432 Loaded shared library c:\Users\DUBAN FELIPE BARBOSA\.vscode\extensions\redhat.java-1.55.0-win32-x64\jre\21.0.11-win32-x86_64\bin\verify.dll
Event: 22.305 Loaded shared library C:\Users\DUBAN FELIPE BARBOSA\AppData\Roaming\Code\User\globalStorage\redhat.java\1.55.0\config_win\org.eclipse.equinox.launcher\org.eclipse.equinox.launcher.win32.win32.x86_64_1.3.100.v20260613-0559\eclipse_11924.dll
Event: 65.668 Loaded shared library C:\Users\DUBAN FELIPE BARBOSA\AppData\Local\Temp\jna-1961849645\jna5678853927366420270.dll
Event: 82.960 Loaded shared library C:\Users\DUBAN FELIPE BARBOSA\.vscode\extensions\redhat.java-1.55.0-win32-x64\jre\21.0.11-win32-x86_64\bin\sunmscapi.dll
Event: 84.401 Loaded shared library C:\Users\DUBAN FELIPE BARBOSA\.vscode\extensions\redhat.java-1.55.0-win32-x64\jre\21.0.11-win32-x86_64\bin\extnet.dll

Deoptimization events (20 events):
Event: 552.126 Thread 0x000001dfe89d3580 DEOPT PACKING pc=0x000001dfd08bd9f3 sp=0x0000006cdd6feb50
Event: 552.126 Thread 0x000001dfe89d3580 DEOPT UNPACKING pc=0x000001dfd63c4242 sp=0x0000006cdd6fdfe8 mode 0
Event: 552.126 Thread 0x000001dfe89d3580 DEOPT PACKING pc=0x000001dfd08bd9f3 sp=0x0000006cdd6feb50
Event: 552.126 Thread 0x000001dfe89d3580 DEOPT UNPACKING pc=0x000001dfd63c4242 sp=0x0000006cdd6fdfe8 mode 0
Event: 552.130 Thread 0x000001dfe89d3580 DEOPT PACKING pc=0x000001dfd08bd9f3 sp=0x0000006cdd6feb50
Event: 552.131 Thread 0x000001dfe89d3580 DEOPT UNPACKING pc=0x000001dfd63c4242 sp=0x0000006cdd6fdfe8 mode 0
Event: 552.133 Thread 0x000001dfe89d3580 DEOPT PACKING pc=0x000001dfd08bd9f3 sp=0x0000006cdd6feb50
Event: 552.133 Thread 0x000001dfe89d3580 DEOPT UNPACKING pc=0x000001dfd63c4242 sp=0x0000006cdd6fdfe8 mode 0
Event: 552.135 Thread 0x000001dfe89d3580 DEOPT PACKING pc=0x000001dfd08bd9f3 sp=0x0000006cdd6feb50
Event: 552.135 Thread 0x000001dfe89d3580 DEOPT UNPACKING pc=0x000001dfd63c4242 sp=0x0000006cdd6fdfe8 mode 0
Event: 559.886 Thread 0x000001dfe89d3580 DEOPT PACKING pc=0x000001dfcfae6a05 sp=0x0000006cdd6fecd0
Event: 559.886 Thread 0x000001dfe89d3580 DEOPT UNPACKING pc=0x000001dfd63c4242 sp=0x0000006cdd6fe250 mode 0
Event: 560.468 Thread 0x000001dfe89d3580 Uncommon trap: trap_request=0xffffff45 fr.pc=0x000001dfd71567ac relative=0x000000000000024c
Event: 560.468 Thread 0x000001dfe89d3580 Uncommon trap: reason=unstable_if action=reinterpret pc=0x000001dfd71567ac method=org.eclipse.jdt.internal.compiler.util.HashtableOfObject.putUnsafely([CLjava/lang/Object;)V @ 70 c2
Event: 560.468 Thread 0x000001dfe89d3580 DEOPT PACKING pc=0x000001dfd71567ac sp=0x0000006cdd6fecf0
Event: 560.468 Thread 0x000001dfe89d3580 DEOPT UNPACKING pc=0x000001dfd63c3aa2 sp=0x0000006cdd6fec98 mode 2
Event: 561.458 Thread 0x000001dfea845020 DEOPT PACKING pc=0x000001dfd076007d sp=0x0000006cdc4fdf40
Event: 561.458 Thread 0x000001dfea845020 DEOPT UNPACKING pc=0x000001dfd63c4242 sp=0x0000006cdc4fd418 mode 0
Event: 561.473 Thread 0x000001dfea845020 DEOPT PACKING pc=0x000001dfd076007d sp=0x0000006cdc4fdf40
Event: 561.475 Thread 0x000001dfea845020 DEOPT UNPACKING pc=0x000001dfd63c4242 sp=0x0000006cdc4fd418 mode 0

Classes loaded (20 events):
Event: 442.405 Loading class java/util/zip/CheckedInputStream
Event: 442.407 Loading class java/util/zip/CheckedInputStream done
Event: 443.261 Loading class java/nio/file/FileTreeIterator
Event: 443.263 Loading class java/nio/file/FileTreeIterator done
Event: 443.750 Loading class java/nio/file/Files$2
Event: 443.750 Loading class java/nio/file/Files$2 done
Event: 443.863 Loading class java/util/concurrent/ArrayBlockingQueue
Event: 443.873 Loading class java/util/concurrent/ArrayBlockingQueue done
Event: 444.421 Loading class sun/nio/ch/ChannelOutputStream
Event: 444.423 Loading class sun/nio/ch/ChannelOutputStream done
Event: 450.826 Loading class java/nio/file/attribute/DosFileAttributeView
Event: 450.827 Loading class java/nio/file/attribute/DosFileAttributeView done
Event: 450.827 Loading class java/nio/file/attribute/UserDefinedFileAttributeView
Event: 450.828 Loading class java/nio/file/attribute/UserDefinedFileAttributeView done
Event: 450.995 Loading class java/nio/BufferMismatch
Event: 450.996 Loading class java/nio/BufferMismatch done
Event: 451.509 Loading class java/util/ImmutableCollections$SubList
Event: 451.510 Loading class java/util/ImmutableCollections$SubList done
Event: 544.034 Loading class java/util/ArrayDeque$DeqSpliterator
Event: 544.075 Loading class java/util/ArrayDeque$DeqSpliterator done

Classes unloaded (7 events):
Event: 67.886 Thread 0x000001dfcbafce90 Unloading class 0x000001df811a8c00 'java/lang/invoke/LambdaForm$MH+0x000001df811a8c00'
Event: 67.886 Thread 0x000001dfcbafce90 Unloading class 0x000001df811a8800 'java/lang/invoke/LambdaForm$MH+0x000001df811a8800'
Event: 67.886 Thread 0x000001dfcbafce90 Unloading class 0x000001df811a8400 'java/lang/invoke/LambdaForm$MH+0x000001df811a8400'
Event: 67.886 Thread 0x000001dfcbafce90 Unloading class 0x000001df811a8000 'java/lang/invoke/LambdaForm$MH+0x000001df811a8000'
Event: 67.886 Thread 0x000001dfcbafce90 Unloading class 0x000001df811a7c00 'java/lang/invoke/LambdaForm$BMH+0x000001df811a7c00'
Event: 67.886 Thread 0x000001dfcbafce90 Unloading class 0x000001df811a7800 'java/lang/invoke/LambdaForm$DMH+0x000001df811a7800'
Event: 67.886 Thread 0x000001dfcbafce90 Unloading class 0x000001df811a6400 'java/lang/invoke/LambdaForm$DMH+0x000001df811a6400'

Classes redefined (0 events):
No events

Internal exceptions (20 events):
Event: 440.776 Thread 0x000001dfe89d4930 Exception <a 'java/lang/NoSuchMethodError'{0x00000000d5b89b70}: 'java.lang.Object java.lang.invoke.DirectMethodHandle$Holder.newInvokeSpecial(java.lang.Object, java.lang.Object, int)'> (0x00000000d5b89b70) 
thrown [s\src\hotspot\share\interpreter\linkResolver.cpp, line 773]
Event: 440.943 Thread 0x000001dfe8d27af0 Implicit null exception at 0x000001dfd7005962 to 0x000001dfd7005d28
Event: 443.930 Thread 0x000001dfea8484a0 Implicit null exception at 0x000001dfd70c7f8f to 0x000001dfd70c84a4
Event: 444.992 Thread 0x000001dfea849ee0 Exception <a 'java/lang/NoSuchMethodError'{0x00000000d5a08690}: 'java.lang.Object java.lang.invoke.DirectMethodHandle$Holder.newInvokeSpecial(java.lang.Object, java.lang.Object, int, java.lang.Object, java.lang.Object)'> (0x00000000d5a08690) 
thrown [s\src\hotspot\share\interpreter\linkResolver.cpp, line 773]
Event: 444.996 Thread 0x000001dfea849ee0 Exception <a 'java/lang/NoSuchMethodError'{0x00000000d5a0c3f0}: 'java.lang.Object java.lang.invoke.Invokers$Holder.linkToTargetMethod(java.lang.Object, int, java.lang.Object, java.lang.Object, java.lang.Object)'> (0x00000000d5a0c3f0) 
thrown [s\src\hotspot\share\interpreter\linkResolver.cpp, line 773]
Event: 445.075 Thread 0x000001dfea849ee0 Exception <a 'java/lang/NoSuchMethodError'{0x00000000d5a22020}: 'java.lang.Object java.lang.invoke.DirectMethodHandle$Holder.invokeSpecial(java.lang.Object, java.lang.Object, java.lang.Object, int, java.lang.Object, java.lang.Object, java.lang.Object)'> (0x00000000d5a22020) 
thrown [s\src\hotspot\share\interpreter\linkResolver.cpp, line 773]
Event: 445.112 Thread 0x000001dfea849ee0 Exception <a 'java/lang/NoSuchMethodError'{0x00000000d5a2a308}: 'java.lang.Object java.lang.invoke.DirectMethodHandle$Holder.invokeStatic(java.lang.Object, java.lang.Object, int, java.lang.Object, java.lang.Object)'> (0x00000000d5a2a308) 
thrown [s\src\hotspot\share\interpreter\linkResolver.cpp, line 773]
Event: 445.389 Thread 0x000001dfea849ee0 Exception <a 'java/lang/NoSuchMethodError'{0x00000000d5aa98a0}: 'void java.lang.invoke.DirectMethodHandle$Holder.invokeStatic(java.lang.Object, int)'> (0x00000000d5aa98a0) 
thrown [s\src\hotspot\share\interpreter\linkResolver.cpp, line 773]
Event: 448.034 Thread 0x000001dfea849ee0 Exception <a 'java/io/FileNotFoundException'{0x00000000d5765800}> (0x00000000d5765800) 
thrown [s\src\hotspot\share\prims\jni.cpp, line 520]
Event: 448.039 Thread 0x000001dfea849ee0 Exception <a 'java/io/FileNotFoundException'{0x00000000d5766b48}> (0x00000000d5766b48) 
thrown [s\src\hotspot\share\prims\jni.cpp, line 520]
Event: 448.040 Thread 0x000001dfea849ee0 Exception <a 'java/io/FileNotFoundException'{0x00000000d5767be8}> (0x00000000d5767be8) 
thrown [s\src\hotspot\share\prims\jni.cpp, line 520]
Event: 448.181 Thread 0x000001dfea849ee0 Implicit null exception at 0x000001dfd6ea3115 to 0x000001dfd6ea36dc
Event: 449.825 Thread 0x000001dfea849ee0 Implicit null exception at 0x000001dfd6be6e12 to 0x000001dfd6be7a44
Event: 513.479 Thread 0x000001dfe89d4930 Exception <a 'java/lang/IncompatibleClassChangeError'{0x00000000d5efcb98}: Found class java.lang.Object, but interface was expected> (0x00000000d5efcb98) 
thrown [s\src\hotspot\share\interpreter\linkResolver.cpp, line 840]
Event: 542.448 Thread 0x000001dfea84bfb0 Implicit null exception at 0x000001dfd6dcecda to 0x000001dfd6dced33
Event: 543.973 Thread 0x000001dfe8d25390 Exception <a 'sun/nio/fs/WindowsException'{0x00000000d5b06a40}> (0x00000000d5b06a40) 
thrown [s\src\hotspot\share\prims\jni.cpp, line 520]
Event: 548.240 Thread 0x000001dfe8d25390 Exception <a 'sun/nio/fs/WindowsException'{0x00000000d5c67928}> (0x00000000d5c67928) 
thrown [s\src\hotspot\share\prims\jni.cpp, line 520]
Event: 551.740 Thread 0x000001dfea8456b0 Implicit null exception at 0x000001dfd715559f to 0x000001dfd7155c04
Event: 560.816 Thread 0x000001dfea845020 Exception <a 'java/lang/NoSuchMethodError'{0x00000000d57d4e60}: 'int java.lang.invoke.DirectMethodHandle$Holder.invokeStatic(java.lang.Object)'> (0x00000000d57d4e60) 
thrown [s\src\hotspot\share\interpreter\linkResolver.cpp, line 773]
Event: 561.987 Thread 0x000001dfea845020 Exception <a 'sun/nio/fs/WindowsException'{0x00000000d59daa20}> (0x00000000d59daa20) 
thrown [s\src\hotspot\share\prims\jni.cpp, line 520]

ZGC Phase Switch (0 events):
No events

VM Operations (20 events):
Event: 541.938 Executing non-safepoint VM operation: RendezvousGCThreads
Event: 541.938 Executing non-safepoint VM operation: RendezvousGCThreads done
Event: 542.126 Executing non-safepoint VM operation: HandshakeAllThreads (Deoptimize)
Event: 542.130 Executing non-safepoint VM operation: HandshakeAllThreads (Deoptimize) done
Event: 542.152 Executing non-safepoint VM operation: HandshakeAllThreads (Deoptimize)
Event: 542.169 Executing non-safepoint VM operation: HandshakeAllThreads (Deoptimize) done
Event: 543.183 Executing safepoint VM operation: Cleanup
Event: 543.935 Executing safepoint VM operation: Cleanup done
Event: 544.941 Executing safepoint VM operation: Cleanup
Event: 544.959 Executing safepoint VM operation: Cleanup done
Event: 546.959 Executing safepoint VM operation: Cleanup
Event: 547.937 Executing safepoint VM operation: Cleanup done
Event: 549.941 Executing safepoint VM operation: Cleanup
Event: 551.356 Executing safepoint VM operation: Cleanup done
Event: 552.296 Executing safepoint VM operation: ParallelGCFailedAllocation (Allocation Failure)
Event: 552.631 Executing safepoint VM operation: ParallelGCFailedAllocation (Allocation Failure) done
Event: 555.654 Executing safepoint VM operation: Cleanup
Event: 557.271 Executing safepoint VM operation: Cleanup done
Event: 561.312 Executing safepoint VM operation: Cleanup
Event: 561.377 Executing safepoint VM operation: Cleanup done

Memory protections (0 events):
No events

Nmethod flushes (20 events):
Event: 110.731 Thread 0x000001dfcbafce90 flushing  nmethod 0x000001dfcf7e7010
Event: 110.731 Thread 0x000001dfcbafce90 flushing  nmethod 0x000001dfcf816f10
Event: 110.731 Thread 0x000001dfcbafce90 flushing  nmethod 0x000001dfcf817290
Event: 110.731 Thread 0x000001dfcbafce90 flushing  nmethod 0x000001dfcf817610
Event: 110.731 Thread 0x000001dfcbafce90 flushing  nmethod 0x000001dfcf818590
Event: 110.731 Thread 0x000001dfcbafce90 flushing  nmethod 0x000001dfcf81c010
Event: 110.731 Thread 0x000001dfcbafce90 flushing  nmethod 0x000001dfcf81ed10
Event: 110.731 Thread 0x000001dfcbafce90 flushing  nmethod 0x000001dfcf820710
Event: 110.731 Thread 0x000001dfcbafce90 flushing  nmethod 0x000001dfcf848190
Event: 110.731 Thread 0x000001dfcbafce90 flushing  nmethod 0x000001dfcf84e810
Event: 110.731 Thread 0x000001dfcbafce90 flushing  nmethod 0x000001dfcf866490
Event: 110.731 Thread 0x000001dfcbafce90 flushing  nmethod 0x000001dfcf867190
Event: 110.731 Thread 0x000001dfcbafce90 flushing  nmethod 0x000001dfcf868990
Event: 110.731 Thread 0x000001dfcbafce90 flushing  nmethod 0x000001dfcf869890
Event: 110.731 Thread 0x000001dfcbafce90 flushing  nmethod 0x000001dfcf876d10
Event: 110.731 Thread 0x000001dfcbafce90 flushing  nmethod 0x000001dfcf883210
Event: 110.731 Thread 0x000001dfcbafce90 flushing  nmethod 0x000001dfcf883710
Event: 110.731 Thread 0x000001dfcbafce90 flushing  nmethod 0x000001dfcf883b10
Event: 110.731 Thread 0x000001dfcbafce90 flushing  nmethod 0x000001dfcf89c110
Event: 110.731 Thread 0x000001dfcbafce90 flushing  nmethod 0x000001dfcf8a7d90

Events (20 events):
Event: 443.875 Thread 0x000001dfea849ee0 Thread added: 0x000001dfea8484a0
Event: 446.212 Thread 0x000001dfcbb92f30 Thread added: 0x000001dfeb33e100
Event: 446.823 Thread 0x000001dfeb33e100 Thread exited: 0x000001dfeb33e100
Event: 448.225 Thread 0x000001dfea849ee0 Thread added: 0x000001dfea84c640
Event: 448.225 Thread 0x000001dfea849ee0 Thread added: 0x000001dfea846a60
Event: 448.529 Thread 0x000001dfea849ee0 Thread added: 0x000001dfea848b30
Event: 448.529 Thread 0x000001dfea849ee0 Thread added: 0x000001dfea8456b0
Event: 448.530 Thread 0x000001dfea849ee0 Thread added: 0x000001dfea84ac00
Event: 449.737 Thread 0x000001dfea8456b0 Thread exited: 0x000001dfea8456b0
Event: 449.738 Thread 0x000001dfea846a60 Thread exited: 0x000001dfea846a60
Event: 449.739 Thread 0x000001dfea84c640 Thread exited: 0x000001dfea84c640
Event: 449.740 Thread 0x000001dfea84ac00 Thread exited: 0x000001dfea84ac00
Event: 449.745 Thread 0x000001dfea848b30 Thread exited: 0x000001dfea848b30
Event: 462.400 Thread 0x000001dfe89d6370 Thread exited: 0x000001dfe89d6370
Event: 501.158 Thread 0x000001dfe89d2ef0 Thread exited: 0x000001dfe89d2ef0
Event: 504.736 Thread 0x000001dfea8484a0 Thread exited: 0x000001dfea8484a0
Event: 506.137 Thread 0x000001dfe33dedb0 Thread exited: 0x000001dfe33dedb0
Event: 534.207 Thread 0x000001dfe89d4930 Thread added: 0x000001dfea8484a0
Event: 543.943 Thread 0x000001dfea849ee0 Thread added: 0x000001dfea84c640
Event: 551.607 Thread 0x000001dfe89d3580 Thread added: 0x000001dfea8456b0


Dynamic libraries:
0x00007ff7668e0000 - 0x00007ff7668ee000 	c:\Users\DUBAN FELIPE BARBOSA\.vscode\extensions\redhat.java-1.55.0-win32-x64\jre\21.0.11-win32-x86_64\bin\java.exe
0x00007ffd08570000 - 0x00007ffd08768000 	C:\Windows\SYSTEM32\ntdll.dll
0x00007ffd06fb0000 - 0x00007ffd07072000 	C:\Windows\System32\KERNEL32.DLL
0x00007ffd05c30000 - 0x00007ffd05f26000 	C:\Windows\System32\KERNELBASE.dll
0x00007ffd06140000 - 0x00007ffd06240000 	C:\Windows\System32\ucrtbase.dll
0x00007ffcfcfc0000 - 0x00007ffcfcfd8000 	c:\Users\DUBAN FELIPE BARBOSA\.vscode\extensions\redhat.java-1.55.0-win32-x64\jre\21.0.11-win32-x86_64\bin\jli.dll
0x00007ffd07110000 - 0x00007ffd072b1000 	C:\Windows\System32\USER32.dll
0x00007ffd05c00000 - 0x00007ffd05c22000 	C:\Windows\System32\win32u.dll
0x00007ffd076e0000 - 0x00007ffd0770b000 	C:\Windows\System32\GDI32.dll
0x00007ffd06470000 - 0x00007ffd06589000 	C:\Windows\System32\gdi32full.dll
0x00007ffd063d0000 - 0x00007ffd0646d000 	C:\Windows\System32\msvcp_win.dll
0x00007ffcfc5e0000 - 0x00007ffcfc5fe000 	c:\Users\DUBAN FELIPE BARBOSA\.vscode\extensions\redhat.java-1.55.0-win32-x64\jre\21.0.11-win32-x86_64\bin\VCRUNTIME140.dll
0x00007ffcf6840000 - 0x00007ffcf6adb000 	C:\Windows\WinSxS\amd64_microsoft.windows.common-controls_6595b64144ccf1df_6.0.19041.6456_none_60b8a6cb71f64256\COMCTL32.dll
0x00007ffd07510000 - 0x00007ffd075ae000 	C:\Windows\System32\msvcrt.dll
0x00007ffd07860000 - 0x00007ffd0788f000 	C:\Windows\System32\IMM32.DLL
0x00007ffd02bb0000 - 0x00007ffd02bbc000 	c:\Users\DUBAN FELIPE BARBOSA\.vscode\extensions\redhat.java-1.55.0-win32-x64\jre\21.0.11-win32-x86_64\bin\vcruntime140_1.dll
0x00007ffcfc4e0000 - 0x00007ffcfc56d000 	c:\Users\DUBAN FELIPE BARBOSA\.vscode\extensions\redhat.java-1.55.0-win32-x64\jre\21.0.11-win32-x86_64\bin\msvcp140.dll
0x00007ffc99e30000 - 0x00007ffc9abd2000 	c:\Users\DUBAN FELIPE BARBOSA\.vscode\extensions\redhat.java-1.55.0-win32-x64\jre\21.0.11-win32-x86_64\bin\server\jvm.dll
0x00007ffd07450000 - 0x00007ffd07501000 	C:\Windows\System32\ADVAPI32.dll
0x00007ffd06590000 - 0x00007ffd0662f000 	C:\Windows\System32\sechost.dll
0x00007ffd072c0000 - 0x00007ffd073e0000 	C:\Windows\System32\RPCRT4.dll
0x00007ffd06240000 - 0x00007ffd06267000 	C:\Windows\System32\bcrypt.dll
0x00007ffd073e0000 - 0x00007ffd0744b000 	C:\Windows\System32\WS2_32.dll
0x00007ffd05a60000 - 0x00007ffd05aab000 	C:\Windows\SYSTEM32\POWRPROF.dll
0x00007ffcfad00000 - 0x00007ffcfad27000 	C:\Windows\SYSTEM32\WINMM.dll
0x00007ffcfd8d0000 - 0x00007ffcfd8da000 	C:\Windows\SYSTEM32\VERSION.dll
0x00007ffd05a40000 - 0x00007ffd05a52000 	C:\Windows\SYSTEM32\UMPDC.dll
0x00007ffd03a70000 - 0x00007ffd03a82000 	C:\Windows\SYSTEM32\kernel.appcore.dll
0x00007ffd01f30000 - 0x00007ffd01f3a000 	c:\Users\DUBAN FELIPE BARBOSA\.vscode\extensions\redhat.java-1.55.0-win32-x64\jre\21.0.11-win32-x86_64\bin\jimage.dll
0x00007ffcf2810000 - 0x00007ffcf2a11000 	C:\Windows\SYSTEM32\DBGHELP.DLL
0x00007ffcf1be0000 - 0x00007ffcf1c14000 	C:\Windows\SYSTEM32\dbgcore.DLL
0x00007ffd06270000 - 0x00007ffd062f2000 	C:\Windows\System32\bcryptPrimitives.dll
0x00007ffcff7d0000 - 0x00007ffcff7df000 	c:\Users\DUBAN FELIPE BARBOSA\.vscode\extensions\redhat.java-1.55.0-win32-x64\jre\21.0.11-win32-x86_64\bin\instrument.dll
0x00007ffcfc440000 - 0x00007ffcfc460000 	c:\Users\DUBAN FELIPE BARBOSA\.vscode\extensions\redhat.java-1.55.0-win32-x64\jre\21.0.11-win32-x86_64\bin\java.dll
0x00007ffd07940000 - 0x00007ffd080b0000 	C:\Windows\System32\SHELL32.dll
0x00007ffd03c70000 - 0x00007ffd04415000 	C:\Windows\SYSTEM32\windows.storage.dll
0x00007ffd06b30000 - 0x00007ffd06e84000 	C:\Windows\System32\combase.dll
0x00007ffd05550000 - 0x00007ffd0557b000 	C:\Windows\SYSTEM32\Wldp.dll
0x00007ffd07780000 - 0x00007ffd0784d000 	C:\Windows\System32\OLEAUT32.dll
0x00007ffd07630000 - 0x00007ffd076dd000 	C:\Windows\System32\SHCORE.dll
0x00007ffd07720000 - 0x00007ffd0777b000 	C:\Windows\System32\shlwapi.dll
0x00007ffd05b30000 - 0x00007ffd05b54000 	C:\Windows\SYSTEM32\profapi.dll
0x00007ffcfefe0000 - 0x00007ffcfeff8000 	c:\Users\DUBAN FELIPE BARBOSA\.vscode\extensions\redhat.java-1.55.0-win32-x64\jre\21.0.11-win32-x86_64\bin\zip.dll
0x00007ffcff670000 - 0x00007ffcff680000 	C:\Users\DUBAN FELIPE BARBOSA\.vscode\extensions\redhat.java-1.55.0-win32-x64\jre\21.0.11-win32-x86_64\bin\net.dll
0x00007ffcfc600000 - 0x00007ffcfc70a000 	C:\Windows\SYSTEM32\WINHTTP.dll
0x00007ffd052b0000 - 0x00007ffd0531a000 	C:\Windows\system32\mswsock.dll
0x00007ffcfc420000 - 0x00007ffcfc436000 	C:\Users\DUBAN FELIPE BARBOSA\.vscode\extensions\redhat.java-1.55.0-win32-x64\jre\21.0.11-win32-x86_64\bin\nio.dll
0x00007ffd021a0000 - 0x00007ffd021b0000 	c:\Users\DUBAN FELIPE BARBOSA\.vscode\extensions\redhat.java-1.55.0-win32-x64\jre\21.0.11-win32-x86_64\bin\verify.dll
0x00007ffcfba00000 - 0x00007ffcfba45000 	C:\Users\DUBAN FELIPE BARBOSA\AppData\Roaming\Code\User\globalStorage\redhat.java\1.55.0\config_win\org.eclipse.equinox.launcher\org.eclipse.equinox.launcher.win32.win32.x86_64_1.3.100.v20260613-0559\eclipse_11924.dll
0x00007ffd082c0000 - 0x00007ffd083eb000 	C:\Windows\System32\ole32.dll
0x00007ffd054b0000 - 0x00007ffd054c8000 	C:\Windows\SYSTEM32\CRYPTSP.dll
0x00007ffd04bd0000 - 0x00007ffd04c08000 	C:\Windows\system32\rsaenh.dll
0x00007ffd05ab0000 - 0x00007ffd05ade000 	C:\Windows\SYSTEM32\USERENV.dll
0x00007ffd054a0000 - 0x00007ffd054ac000 	C:\Windows\SYSTEM32\CRYPTBASE.dll
0x00007ffd04f90000 - 0x00007ffd04fcb000 	C:\Windows\SYSTEM32\IPHLPAPI.DLL
0x00007ffd06b20000 - 0x00007ffd06b28000 	C:\Windows\System32\NSI.dll
0x00007ffcf2680000 - 0x00007ffcf26c9000 	C:\Users\DUBAN FELIPE BARBOSA\AppData\Local\Temp\jna-1961849645\jna5678853927366420270.dll
0x00007ffd07850000 - 0x00007ffd07858000 	C:\Windows\System32\PSAPI.DLL
0x00007ffcfcbe0000 - 0x00007ffcfcbf7000 	C:\Windows\SYSTEM32\dhcpcsvc6.DLL
0x00007ffcfce40000 - 0x00007ffcfce5d000 	C:\Windows\SYSTEM32\dhcpcsvc.DLL
0x00007ffd01b90000 - 0x00007ffd01b9e000 	C:\Users\DUBAN FELIPE BARBOSA\.vscode\extensions\redhat.java-1.55.0-win32-x64\jre\21.0.11-win32-x86_64\bin\sunmscapi.dll
0x00007ffd05f30000 - 0x00007ffd0608d000 	C:\Windows\System32\CRYPT32.dll
0x00007ffd055c0000 - 0x00007ffd055e7000 	C:\Windows\SYSTEM32\ncrypt.dll
0x00007ffd05580000 - 0x00007ffd055bb000 	C:\Windows\SYSTEM32\NTASN1.dll
0x00007ffd04fd0000 - 0x00007ffd0509a000 	C:\Windows\SYSTEM32\DNSAPI.dll
0x00007ffcf6530000 - 0x00007ffcf653a000 	C:\Windows\System32\rasadhlp.dll
0x00007ffcf6590000 - 0x00007ffcf6610000 	C:\Windows\System32\fwpuclnt.dll
0x00007ffd01b80000 - 0x00007ffd01b89000 	C:\Users\DUBAN FELIPE BARBOSA\.vscode\extensions\redhat.java-1.55.0-win32-x64\jre\21.0.11-win32-x86_64\bin\extnet.dll

JVMTI agents:
c:\Users\DUBAN FELIPE BARBOSA\.vscode\extensions\redhat.java-1.55.0-win32-x64\lombok\lombok-1.18.39-4050.jar path:c:\Users\DUBAN FELIPE BARBOSA\.vscode\extensions\redhat.java-1.55.0-win32-x64\jre\21.0.11-win32-x86_64\bin\instrument.dll, loaded, initialized, instrumentlib options:none

dbghelp: loaded successfully - version: 4.0.5 - missing functions: none
symbol engine: initialized successfully - sym options: 0x614 - pdb path: .;c:\Users\DUBAN FELIPE BARBOSA\.vscode\extensions\redhat.java-1.55.0-win32-x64\jre\21.0.11-win32-x86_64\bin;C:\Windows\SYSTEM32;C:\Windows\WinSxS\amd64_microsoft.windows.common-controls_6595b64144ccf1df_6.0.19041.6456_none_60b8a6cb71f64256;c:\Users\DUBAN FELIPE BARBOSA\.vscode\extensions\redhat.java-1.55.0-win32-x64\jre\21.0.11-win32-x86_64\bin\server;C:\Users\DUBAN FELIPE BARBOSA\AppData\Roaming\Code\User\globalStorage\redhat.java\1.55.0\config_win\org.eclipse.equinox.launcher\org.eclipse.equinox.launcher.win32.win32.x86_64_1.3.100.v20260613-0559;C:\Users\DUBAN FELIPE BARBOSA\AppData\Local\Temp\jna-1961849645

VM Arguments:
jvm_args: --add-modules=ALL-SYSTEM --add-opens=java.base/java.util=ALL-UNNAMED --add-opens=java.base/java.lang=ALL-UNNAMED --add-opens=java.base/sun.nio.fs=ALL-UNNAMED -Declipse.application=org.eclipse.jdt.ls.core.id1 -Dosgi.bundles.defaultStartLevel=4 -Declipse.product=org.eclipse.jdt.ls.core.product -Djava.import.generatesMetadataFilesAtProjectRoot=false -DDetectVMInstallationsJob.disabled=true -Dfile.encoding=utf8 -XX:+UseParallelGC -XX:GCTimeRatio=4 -XX:AdaptiveSizePolicyWeight=90 -Dsun.zip.disableMemoryMapping=true -Xmx2G -Xms100m -Xlog:disable -javaagent:c:\Users\DUBAN FELIPE BARBOSA\.vscode\extensions\redhat.java-1.55.0-win32-x64\lombok\lombok-1.18.39-4050.jar -XX:+HeapDumpOnOutOfMemoryError -XX:HeapDumpPath=c:\Users\DUBAN FELIPE BARBOSA\AppData\Roaming\Code\User\workspaceStorage\3e1b5c8b9df88b0a075a82523af3d242\redhat.java -Daether.dependencyCollector.impl=bf 
java_command: c:\Users\DUBAN FELIPE BARBOSA\.vscode\extensions\redhat.java-1.55.0-win32-x64\server\plugins\org.eclipse.equinox.launcher_1.7.200.v20260619-2039.jar -configuration c:\Users\DUBAN FELIPE BARBOSA\AppData\Roaming\Code\User\globalStorage\redhat.java\1.55.0\config_win -data c:\Users\DUBAN FELIPE BARBOSA\AppData\Roaming\Code\User\workspaceStorage\3e1b5c8b9df88b0a075a82523af3d242\redhat.java\jdt_ws --pipe=\\.\pipe\lsp-7e0c040f4be6ea4f2e0a70b90092187c-sock
java_class_path (initial): c:\Users\DUBAN FELIPE BARBOSA\.vscode\extensions\redhat.java-1.55.0-win32-x64\server\plugins\org.eclipse.equinox.launcher_1.7.200.v20260619-2039.jar
Launcher Type: SUN_STANDARD

[Global flags]
    uintx AdaptiveSizePolicyWeight                 = 90                                        {product} {command line}
     intx CICompilerCount                          = 3                                         {product} {ergonomic}
    uintx GCTimeRatio                              = 4                                         {product} {command line}
     bool HeapDumpOnOutOfMemoryError               = true                                   {manageable} {command line}
    ccstr HeapDumpPath                             = c:\Users\DUBAN FELIPE BARBOSA\AppData\Roaming\Code\User\workspaceStorage\3e1b5c8b9df88b0a075a82523af3d242\redhat.java         {manageable} {command line}
   size_t InitialHeapSize                          = 104857600                                 {product} {command line}
   size_t MaxHeapSize                              = 2147483648                                {product} {command line}
   size_t MaxNewSize                               = 715653120                                 {product} {ergonomic}
   size_t MinHeapDeltaBytes                        = 524288                                    {product} {ergonomic}
   size_t MinHeapSize                              = 104857600                                 {product} {command line}
   size_t NewSize                                  = 34603008                                  {product} {ergonomic}
    uintx NonNMethodCodeHeapSize                   = 5832780                                {pd product} {ergonomic}
    uintx NonProfiledCodeHeapSize                  = 122912730                              {pd product} {ergonomic}
   size_t OldSize                                  = 70254592                                  {product} {ergonomic}
    uintx ProfiledCodeHeapSize                     = 122912730                              {pd product} {ergonomic}
    uintx ReservedCodeCacheSize                    = 251658240                              {pd product} {ergonomic}
     bool SegmentedCodeCache                       = true                                      {product} {ergonomic}
   size_t SoftMaxHeapSize                          = 2147483648                             {manageable} {ergonomic}
     bool UseCompressedOops                        = true                           {product lp64_product} {ergonomic}
     bool UseLargePagesIndividualAllocation        = false                                  {pd product} {ergonomic}
     bool UseParallelGC                            = true                                      {product} {command line}

Logging:
Log output configuration:
 #0: stdout all=off uptime,level,tags foldmultilines=false
 #1: stderr all=off uptime,level,tags foldmultilines=false

Release file:
JAVA_VERSION="21.0.11" 
MODULES="java.base java.compiler java.datatransfer java.xml java.prefs java.desktop java.instrument java.logging java.management java.security.sasl java.naming java.rmi java.management.rmi java.net.http java.scripting java.security.jgss java.transaction.xa java.sql java.sql.rowset java.xml.crypto java.se java.smartcardio jdk.accessibility jdk.internal.jvmstat jdk.attach jdk.charsets jdk.internal.opt jdk.zipfs jdk.compiler jdk.crypto.ec jdk.crypto.cryptoki jdk.crypto.mscapi jdk.dynalink jdk.internal.ed jdk.editpad jdk.hotspot.agent jdk.httpserver jdk.internal.le jdk.internal.vm.ci jdk.internal.vm.compiler jdk.internal.vm.compiler.management jdk.jartool jdk.javadoc jdk.jcmd jdk.management jdk.management.agent jdk.jconsole jdk.jdeps jdk.jdwp.agent jdk.jdi jdk.jfr jdk.jshell jdk.jsobject jdk.jstatd jdk.localedata jdk.management.jfr jdk.naming.dns jdk.naming.rmi jdk.net jdk.nio.mapmode jdk.random jdk.sctp jdk.security.auth jdk.security.jgss jdk.unsupported jdk.unsupported.desktop jdk.xml.dom" 

Environment Variables:
PATH=C:\Program Files\Eclipse Adoptium\jdk-25.0.4.7-hotspot\bin;C:\Windows\system32;C:\Windows;C:\Windows\System32\Wbem;C:\Windows\System32\WindowsPowerShell\v1.0\;C:\Windows\System32\OpenSSH\;C:\Program Files\Microsoft VS Code\bin;C:\Program Files\Git\cmd;C:\Program Files\nodejs\;C:\Users\DUBAN FELIPE BARBOSA\AppData\Local\Microsoft\WindowsApps;C:\Program Files\sf\bin;C:\Users\DUBAN FELIPE BARBOSA\AppData\Local\Python\bin;C:\Users\DUBAN FELIPE BARBOSA\AppData\Local\Kingsoft\WPS Office\12.1.0.27458\clitool;C:\Users\DUBAN FELIPE BARBOSA\AppData\Roaming\npm
USERNAME=DUVAN FELIPE BARBOSA
OS=Windows_NT
PROCESSOR_IDENTIFIER=AMD64 Family 22 Model 48 Stepping 1, AuthenticAMD
TMP=C:\Users\DUBANF~1\AppData\Local\Temp
TEMP=C:\Users\DUBANF~1\AppData\Local\Temp




Periodic native trim disabled

---------------  S Y S T E M  ---------------

OS:
 Windows 10 , 64 bit Build 19041 (10.0.19041.5915)
OS uptime: 27 days 1:06 hours

CPU: total 4 (initial active 4) (4 cores per cpu, 1 threads per core) family 22 model 48 stepping 1 microcode 0x0, cx8, cmov, fxsr, mmx, 3dnowpref, sse, sse2, sse3, ssse3, sse4a, sse4.1, sse4.2, popcnt, lzcnt, tsc, tscinvbit, avx, aes, clmul, bmi1, vzeroupper, clflush, rdtscp, f16c
Processor Information for the first 4 processors :
  Max Mhz: 2200, Current Mhz: 2200, Mhz Limit: 2200

Memory: 4k page, system-wide physical 3546M (214M free)
TotalPageFile size 14298M (AvailPageFile size 0M)
current process WorkingSet (physical memory assigned to process): 151M, peak: 298M
current process commit charge ("private bytes"): 396M, peak: 403M

vm_info: OpenJDK 64-Bit Server VM (21.0.11+10-LTS) for windows-amd64 JRE (21.0.11+10-LTS), built on 2026-04-21T00:00:00Z by "admin" with MS VC++ 17.12 (VS2022)

END.
